darts-linear-solvers built on Sep 10 2026 18:23:19 by SRV554$@SRV554 from bb040aa025bfcafff20578654ad0b0d819d463a0
darts-engines built on Sep 10 2026 18:23:19 by SRV554$@SRV554 from bb040aa025bfcafff20578654ad0b0d819d463a0
darts-discretizer built on Sep 10 2026 18:23:19 by SRV554$@SRV554 from bb040aa025bfcafff20578654ad0b0d819d463a0
========================= DARTS-flash summary =========================
--- CompData ---
nc, nsalt, ns: 1 0 1 
components: H2O 
Pc: 220.5 
Tc: 647.14 
ac: 0.328 
Z_ra: 0.2307 
Mw: 18.015 
kij: 0 
T_0, P_0, V_0: 298.15 1 0.0247895702960239 
H0: 0 
dlnH0: 0 
--- EoSParams (1) ---
EoS: IAPWS (eos_idx 0)
  active components (nonzero idxs): 0 
  root_order: MAX MIN 
  rich_phase_order: 
  yrich, ypure, yzero: 0.5 0.999 1e-08 
  trial_comps: 
  stability_tol, stability_max_iter: 1e-20 500 
  stability_switch_tol, stability_switch_diff: 1e-20 2 
  stability_loose_tol_multiplier, stability_loose_iter: 1000 3 
  stability_line_tol, stability_line_iter: 1e-08 10 
  gmix_tol, gmix_max_iter: 1e-20 500 
  gmix_switch_tol, gmix_switch_diff: nan 2 
  gmix_loose_tol_multiplier, gmix_loose_iter: 1000 3 
  gmix_line_tol, gmix_line_iter: 1e-08 10 
--- FlashParams ---
eos_order: IAPWS 
np_max: 2
verbose: ERROR
min_z, near_zero_pt: 1e-10 0.0001 
tpd_tol, tpd_1p_tol, tpd_close_to_boundary, comp_tol: 1e-08 1e-08 0.001 0.0001 
rr2_tol, rrn_tol, rr_max_iter: 1e-12 1e-14 100 
split_tol, split_max_iter: 1e-15 500 
split_variables: lnK
stability_variables: alpha
=======================================================================
Processing mesh: 400000 reservoir blocks, 2 well blocks, 1182021 connections
Linear solver type is gmres+cpr
Engine: 	1-phase 1-component non-isothermal flow with kinetic reaction and diffusion CPU engine
OpenMP threads: 	4

START SIMULATION
-------------------------------------------------------------------------------------------------------------
Well H_1 initialized with phase 0 volumetric rate-control
	 #1 (4.4041e-26, 5.0615e+06): lin 1 (1.0e-09)
	 #2 (7.9178e-27, 1.2607e+06): lin 1 (2.9e-08)
-------------------------------------------------------------------------------------------------------------
 T = 1e-12, DT = 1e-12, NI = 2, LI = 2, RES = 8.6e-28 (6.7e-07), CFL=0.000 (ELAPSED 00:00:00 )
-------------------------------------------------------------------------------------------------------------
	 #1 (9.5236e-28, 8.4609e-05): lin 5 (3.3e-10)
-------------------------------------------------------------------------------------------------------------
 T = 5e-12, DT = 4e-12, NI = 1, LI = 5, RES = 1.3e-27 (3.7e-04), CFL=0.000 (ELAPSED 00:00:01 )
-------------------------------------------------------------------------------------------------------------
	 #1 (5.2540e-27, 1.4914e-03): lin 3 (4.0e-08)
-------------------------------------------------------------------------------------------------------------
 T = 2.1e-11, DT = 1.6e-11, NI = 1, LI = 3, RES = 3.9e-28 (4.9e-05), CFL=0.000 (ELAPSED 00:00:02 )
-------------------------------------------------------------------------------------------------------------
	 #1 (8.1801e-27, 1.9032e-03): lin 4 (2.3e-08)
-------------------------------------------------------------------------------------------------------------
 T = 8.5e-11, DT = 6.4e-11, NI = 1, LI = 4, RES = 8.6e-28 (1.5e-07), CFL=0.000 (ELAPSED 00:00:03 )
-------------------------------------------------------------------------------------------------------------
	 #1 (2.6730e-26, 6.4212e-03): lin 4 (5.2e-07)
-------------------------------------------------------------------------------------------------------------
 T = 3.41e-10, DT = 2.56e-10, NI = 1, LI = 4, RES = 4.4e-27 (1.2e-06), CFL=0.000 (ELAPSED 00:00:03 )
-------------------------------------------------------------------------------------------------------------
	 #1 (9.4312e-26, 2.3302e-02): lin 5 (7.1e-07)
-------------------------------------------------------------------------------------------------------------
 T = 1.365e-09, DT = 1.024e-09, NI = 1, LI = 5, RES = 2.3e-26 (1.9e-05), CFL=0.000 (ELAPSED 00:00:04 )
-------------------------------------------------------------------------------------------------------------
	 #1 (3.3045e-25, 8.2237e-02): lin 7 (2.4e-07)
-------------------------------------------------------------------------------------------------------------
 T = 5.461e-09, DT = 4.096e-09, NI = 1, LI = 7, RES = 1.2e-25 (2.1e-04), CFL=0.000 (ELAPSED 00:00:06 )
-------------------------------------------------------------------------------------------------------------
	 #1 (1.1123e-24, 2.6456e-01): lin 8 (3.6e-07)
-------------------------------------------------------------------------------------------------------------
 T = 2.1845e-08, DT = 1.6384e-08, NI = 1, LI = 8, RES = 5.7e-25 (3.0e-03), CFL=0.000 (ELAPSED 00:00:07 )
-------------------------------------------------------------------------------------------------------------
	 #1 (3.7051e-24, 7.6859e-01): lin 8 (4.7e-07)
-------------------------------------------------------------------------------------------------------------
 T = 8.7381e-08, DT = 6.5536e-08, NI = 1, LI = 8, RES = 2.4e-24 (1.2e-02), CFL=0.000 (ELAPSED 00:00:09 )
-------------------------------------------------------------------------------------------------------------
	 #1 (1.2616e-23, 2.1084e+00): lin 8 (2.5e-07)
-------------------------------------------------------------------------------------------------------------
 T = 3.49525e-07, DT = 2.62144e-07, NI = 1, LI = 8, RES = 9.8e-24 (4.7e-02), CFL=0.001 (ELAPSED 00:00:11 )
-------------------------------------------------------------------------------------------------------------
	 #1 (4.2883e-23, 4.3304e+00): lin 8 (4.1e-07)
	 #2 (3.9409e-23, 2.8750e-01): lin 7 (3.8e-07)
-------------------------------------------------------------------------------------------------------------
 T = 1.3981e-06, DT = 1.04858e-06, NI = 2, LI = 15, RES = 3.9e-23 (1.7e-02), CFL=0.004 (ELAPSED 00:00:14 )
-------------------------------------------------------------------------------------------------------------
	 #1 (1.5889e-22, 6.5969e+00): lin 8 (4.8e-07)
	 #2 (1.5729e-22, 7.1125e-01): lin 6 (7.8e-07)
	 #3 (1.5720e-22, 1.7908e-01): lin 4 (4.1e-07)
FAILED TO CONVERGE WITH DT = 0.000 (newton residual wells) 
	 #1 (3.9721e-23, 1.6492e+00): lin 8 (3.8e-07)
-------------------------------------------------------------------------------------------------------------
 T = 2.44668e-06, DT = 1.04858e-06, NI = 1, LI = 8, RES = 3.9e-23 (8.4e-02), CFL=0.004 (ELAPSED 00:00:19 )
-------------------------------------------------------------------------------------------------------------
	 #1 (1.5763e-22, 3.0330e+00): lin 7 (5.9e-07)
	 #2 (1.5723e-22, 4.2627e-01): lin 5 (9.0e-07)
-------------------------------------------------------------------------------------------------------------
 T = 6.64098e-06, DT = 4.1943e-06, NI = 2, LI = 12, RES = 1.6e-22 (3.4e-02), CFL=0.017 (ELAPSED 00:00:22 )
-------------------------------------------------------------------------------------------------------------
	 #1 (6.2905e-22, 4.0775e+00): lin 7 (2.6e-07)
	 #2 (6.2903e-22, 5.7377e-01): lin 4 (8.8e-07)
-------------------------------------------------------------------------------------------------------------
 T = 2.34182e-05, DT = 1.67772e-05, NI = 2, LI = 11, RES = 6.3e-22 (2.8e-02), CFL=0.069 (ELAPSED 00:00:25 )
-------------------------------------------------------------------------------------------------------------
	 #1 (2.5162e-21, 2.3278e+00): lin 5 (6.2e-07)
-------------------------------------------------------------------------------------------------------------
 T = 9.05271e-05, DT = 6.71089e-05, NI = 1, LI = 5, RES = 2.5e-21 (7.9e-02), CFL=0.276 (ELAPSED 00:00:26 )
-------------------------------------------------------------------------------------------------------------
	 #1 (1.0065e-20, 3.5772e-01): lin 6 (3.6e-07)
-------------------------------------------------------------------------------------------------------------
 T = 0.000358963, DT = 0.000268435, NI = 1, LI = 6, RES = 1.0e-20 (4.1e-03), CFL=1.103 (ELAPSED 00:00:28 )
-------------------------------------------------------------------------------------------------------------
	 #1 (4.0261e-20, 2.0099e-02): lin 4 (2.9e-07)
-------------------------------------------------------------------------------------------------------------
 T = 0.0014327, DT = 0.00107374, NI = 1, LI = 4, RES = 4.0e-20 (6.8e-02), CFL=4.413 (ELAPSED 00:00:29 )
-------------------------------------------------------------------------------------------------------------
	 #1 (1.6104e-19, 2.7180e-01): lin 4 (2.5e-07)
	 #2 (1.6105e-19, 4.2118e-01): lin 2 (2.8e-07)
-------------------------------------------------------------------------------------------------------------
 T = 0.00572767, DT = 0.00429497, NI = 2, LI = 6, RES = 1.6e-19 (1.9e-03), CFL=17.652 (ELAPSED 00:00:31 )
-------------------------------------------------------------------------------------------------------------
	 #1 (6.4420e-19, 6.7379e-03): lin 4 (6.1e-07)
	 #2 (2.6020e-17, 6.8177e-01): lin 1 (3.0e-08)
-------------------------------------------------------------------------------------------------------------
 T = 0.0229075, DT = 0.0171799, NI = 2, LI = 5, RES = 3.4e-17 (1.5e-02), CFL=70.613 (ELAPSED 00:00:34 )
-------------------------------------------------------------------------------------------------------------
	 #1 (2.5772e-18, 5.7764e-02): lin 7 (5.5e-07)
-------------------------------------------------------------------------------------------------------------
 T = 0.091627, DT = 0.0687195, NI = 1, LI = 7, RES = 4.3e-17 (2.4e-03), CFL=282.522 (ELAPSED 00:00:35 )
-------------------------------------------------------------------------------------------------------------
	 #1 (1.0314e-17, 9.7885e-03): lin 11 (5.4e-07)
-------------------------------------------------------------------------------------------------------------
 T = 0.366505, DT = 0.274878, NI = 1, LI = 11, RES = 6.9e-17 (5.2e-02), CFL=1130.879 (ELAPSED 00:00:37 )
-------------------------------------------------------------------------------------------------------------
	 #1 (3.7562e-17, 1.8950e-01): lin 13 (4.7e-07)
	 #2 (2.5375e-16, 8.3047e-01): lin 1 (2.0e-07)
	 #3 (2.7264e-16, 4.1792e-01): lin 1 (1.1e-07)
-------------------------------------------------------------------------------------------------------------
 T = 1.3665, DT = 1, NI = 3, LI = 15, RES = 2.8e-16 (2.2e-02), CFL=4117.340 (ELAPSED 00:00:41 )
-------------------------------------------------------------------------------------------------------------
	 #1 (3.7604e-17, 2.1575e-02): lin 12 (4.5e-07)
-------------------------------------------------------------------------------------------------------------
 T = 2.3665, DT = 1, NI = 1, LI = 12, RES = 2.5e-16 (1.3e-02), CFL=4118.303 (ELAPSED 00:00:43 )
-------------------------------------------------------------------------------------------------------------
	 #1 (3.7616e-17, 1.3067e-02): lin 10 (9.6e-07)
-------------------------------------------------------------------------------------------------------------
 T = 3.3665, DT = 1, NI = 1, LI = 10, RES = 2.5e-16 (1.1e-02), CFL=4118.598 (ELAPSED 00:00:44 )
-------------------------------------------------------------------------------------------------------------
	 #1 (3.7621e-17, 1.1331e-02): lin 9 (8.6e-07)
-------------------------------------------------------------------------------------------------------------
 T = 4.3665, DT = 1, NI = 1, LI = 9, RES = 2.5e-16 (6.6e-03), CFL=4118.688 (ELAPSED 00:00:46 )
-------------------------------------------------------------------------------------------------------------
	 #1 (2.3834e-17, 4.1536e-03): lin 6 (8.4e-07)
-------------------------------------------------------------------------------------------------------------
 T = 5, DT = 0.633495, NI = 1, LI = 6, RES = 1.6e-16 (3.2e-03), CFL=2609.184 (ELAPSED 00:00:47 )
-------------------------------------------------------------------------------------------------------------
	 #1 (3.7623e-20, 4.2596e+02): lin 8 (4.2e-07)
	 #2 (4.2960e-18, 1.0254e+02): lin 3 (3.4e-07)
	 #3 (1.2983e-17, 7.0666e+00): lin 2 (2.5e-07)
	 #4 (1.0948e-17, 1.2940e-01): lin 1 (2.0e-07)
-------------------------------------------------------------------------------------------------------------
 T = 5.001, DT = 0.001, NI = 4, LI = 14, RES = 7.8e-18 (2.0e-02), CFL=4.118 (ELAPSED 00:00:52 )
-------------------------------------------------------------------------------------------------------------
	 #1 (1.5049e-19, 6.9071e-01): lin 5 (3.7e-07)
	 #2 (7.1851e-18, 4.6665e-01): lin 1 (1.4e-07)
-------------------------------------------------------------------------------------------------------------
 T = 5.005, DT = 0.004, NI = 2, LI = 6, RES = 1.3e-17 (4.3e-03), CFL=16.473 (ELAPSED 00:00:55 )
-------------------------------------------------------------------------------------------------------------
	 #1 (6.0196e-19, 1.9835e-02): lin 4 (3.8e-07)
	 #2 (1.4314e-17, 1.0508e+00): lin 1 (7.8e-08)
-------------------------------------------------------------------------------------------------------------
 T = 5.021, DT = 0.016, NI = 2, LI = 5, RES = 3.7e-17 (2.5e-02), CFL=65.890 (ELAPSED 00:00:57 )
-------------------------------------------------------------------------------------------------------------
	 #1 (2.4079e-18, 9.9149e-02): lin 5 (4.3e-07)
	 #2 (2.9709e-17, 8.9981e-01): lin 1 (1.1e-07)
-------------------------------------------------------------------------------------------------------------
 T = 5.085, DT = 0.064, NI = 2, LI = 6, RES = 6.5e-17 (3.1e-02), CFL=263.560 (ELAPSED 00:00:59 )
-------------------------------------------------------------------------------------------------------------
	 #1 (9.6314e-18, 1.2574e-01): lin 8 (5.8e-07)
-------------------------------------------------------------------------------------------------------------
 T = 5.341, DT = 0.256, NI = 1, LI = 8, RES = 7.3e-17 (2.4e-02), CFL=1054.246 (ELAPSED 00:01:01 )
-------------------------------------------------------------------------------------------------------------
	 #1 (3.7622e-17, 9.2799e-02): lin 8 (9.7e-07)
	 #2 (2.4773e-16, 1.3014e-01): lin 1 (2.1e-07)
	 #3 (3.2052e-16, 1.2161e-01): lin 1 (1.1e-07)
-------------------------------------------------------------------------------------------------------------
 T = 6.341, DT = 1, NI = 3, LI = 10, RES = 3.2e-16 (8.1e-02), CFL=4118.237 (ELAPSED 00:01:04 )
-------------------------------------------------------------------------------------------------------------
	 #1 (3.7620e-17, 8.0551e-02): lin 6 (6.4e-07)
-------------------------------------------------------------------------------------------------------------
 T = 7.341, DT = 1, NI = 1, LI = 6, RES = 2.4e-16 (6.6e-02), CFL=4118.261 (ELAPSED 00:01:06 )
-------------------------------------------------------------------------------------------------------------
	 #1 (3.7620e-17, 6.6358e-02): lin 3 (8.1e-07)
-------------------------------------------------------------------------------------------------------------
 T = 8.341, DT = 1, NI = 1, LI = 3, RES = 2.5e-16 (5.3e-02), CFL=4118.265 (ELAPSED 00:01:07 )
-------------------------------------------------------------------------------------------------------------
	 #1 (3.7620e-17, 5.3383e-02): lin 1 (7.3e-07)
-------------------------------------------------------------------------------------------------------------
 T = 9.341, DT = 1, NI = 1, LI = 1, RES = 2.5e-16 (9.1e-02), CFL=4118.265 (ELAPSED 00:01:08 )
-------------------------------------------------------------------------------------------------------------
	 #1 (2.4791e-17, 5.9965e-02): lin 1 (4.3e-07)
-------------------------------------------------------------------------------------------------------------
 T = 10, DT = 0.659, NI = 1, LI = 1, RES = 1.7e-16 (5.4e-02), CFL=2713.937 (ELAPSED 00:01:09 )
-------------------------------------------------------------------------------------------------------------
	 #1 (3.7620e-20, 4.9685e+02): lin 8 (2.9e-07)
-------------------------------------------------------------------------------------------------------------
 T = 10.001, DT = 0.001, NI = 1, LI = 8, RES = 3.4e-18 (8.8e-04), CFL=4.118 (ELAPSED 00:01:11 )
-------------------------------------------------------------------------------------------------------------
	 #1 (1.5048e-19, 1.6897e-03): lin 1 (1.4e-07)
-------------------------------------------------------------------------------------------------------------
 T = 10.005, DT = 0.004, NI = 1, LI = 1, RES = 8.3e-18 (1.1e-05), CFL=16.471 (ELAPSED 00:01:12 )
-------------------------------------------------------------------------------------------------------------
	 #1 (6.0191e-19, 4.5313e-05): lin 1 (1.2e-07)
-------------------------------------------------------------------------------------------------------------
 T = 10.021, DT = 0.016, NI = 1, LI = 1, RES = 1.5e-17 (2.2e-04), CFL=65.884 (ELAPSED 00:01:13 )
-------------------------------------------------------------------------------------------------------------
	 #1 (2.4077e-18, 8.8997e-04): lin 1 (1.7e-07)
-------------------------------------------------------------------------------------------------------------
 T = 10.085, DT = 0.064, NI = 1, LI = 1, RES = 2.9e-17 (7.6e-03), CFL=263.535 (ELAPSED 00:01:14 )
-------------------------------------------------------------------------------------------------------------
	 #1 (9.6306e-18, 3.0276e-02): lin 1 (2.0e-07)
-------------------------------------------------------------------------------------------------------------
 T = 10.341, DT = 0.256, NI = 1, LI = 1, RES = 7.6e-17 (6.3e-02), CFL=1054.141 (ELAPSED 00:01:15 )
-------------------------------------------------------------------------------------------------------------
	 #1 (3.7620e-17, 2.4585e-01): lin 1 (2.5e-07)
	 #2 (2.4681e-16, 1.4870e-01): lin 1 (2.2e-08)
-------------------------------------------------------------------------------------------------------------
 T = 11.341, DT = 1, NI = 2, LI = 2, RES = 3.2e-16 (3.4e-02), CFL=4117.739 (ELAPSED 00:01:17 )
-------------------------------------------------------------------------------------------------------------
	 #1 (3.7620e-17, 3.4289e-02): lin 1 (2.0e-07)
-------------------------------------------------------------------------------------------------------------
 T = 12.341, DT = 1, NI = 1, LI = 1, RES = 2.4e-16 (2.4e-02), CFL=4117.740 (ELAPSED 00:01:18 )
-------------------------------------------------------------------------------------------------------------
	 #1 (3.7620e-17, 2.4047e-02): lin 1 (1.9e-07)
-------------------------------------------------------------------------------------------------------------
 T = 13.341, DT = 1, NI = 1, LI = 1, RES = 2.5e-16 (6.7e-02), CFL=4117.740 (ELAPSED 00:01:19 )
-------------------------------------------------------------------------------------------------------------
	 #1 (3.7620e-17, 6.7129e-02): lin 1 (1.8e-07)
-------------------------------------------------------------------------------------------------------------
 T = 14.341, DT = 1, NI = 1, LI = 1, RES = 2.5e-16 (8.9e-02), CFL=4117.739 (ELAPSED 00:01:20 )
-------------------------------------------------------------------------------------------------------------
	 #1 (2.4791e-17, 5.8980e-02): lin 1 (1.4e-07)
-------------------------------------------------------------------------------------------------------------
 T = 15, DT = 0.659, NI = 1, LI = 1, RES = 1.6e-16 (5.4e-02), CFL=2713.590 (ELAPSED 00:01:21 )
-------------------------------------------------------------------------------------------------------------
	 #1 (3.7620e-20, 4.9685e+02): lin 8 (3.5e-07)
-------------------------------------------------------------------------------------------------------------
 T = 15.001, DT = 0.001, NI = 1, LI = 8, RES = 3.0e-18 (3.3e-03), CFL=4.118 (ELAPSED 00:01:23 )
-------------------------------------------------------------------------------------------------------------
	 #1 (1.5048e-19, 1.3374e-02): lin 1 (2.4e-07)
-------------------------------------------------------------------------------------------------------------
 T = 15.005, DT = 0.004, NI = 1, LI = 1, RES = 6.8e-18 (7.2e-05), CFL=16.473 (ELAPSED 00:01:24 )
-------------------------------------------------------------------------------------------------------------
	 #1 (6.0191e-19, 2.8416e-04): lin 1 (1.0e-07)
-------------------------------------------------------------------------------------------------------------
 T = 15.021, DT = 0.016, NI = 1, LI = 1, RES = 1.5e-17 (5.0e-04), CFL=65.892 (ELAPSED 00:01:25 )
-------------------------------------------------------------------------------------------------------------
	 #1 (2.4077e-18, 2.0143e-03): lin 1 (9.4e-08)
-------------------------------------------------------------------------------------------------------------
 T = 15.085, DT = 0.064, NI = 1, LI = 1, RES = 2.9e-17 (7.2e-03), CFL=263.569 (ELAPSED 00:01:26 )
-------------------------------------------------------------------------------------------------------------
	 #1 (9.6306e-18, 2.8949e-02): lin 1 (1.2e-07)
-------------------------------------------------------------------------------------------------------------
 T = 15.341, DT = 0.256, NI = 1, LI = 1, RES = 7.5e-17 (6.6e-02), CFL=1054.276 (ELAPSED 00:01:27 )
-------------------------------------------------------------------------------------------------------------
	 #1 (3.7620e-17, 2.5850e-01): lin 1 (1.7e-07)
	 #2 (2.4327e-16, 2.7476e-01): lin 1 (1.4e-08)
-------------------------------------------------------------------------------------------------------------
 T = 16.341, DT = 1, NI = 2, LI = 2, RES = 3.0e-16 (9.8e-02), CFL=4118.266 (ELAPSED 00:01:29 )
-------------------------------------------------------------------------------------------------------------
	 #1 (3.7620e-17, 9.8216e-02): lin 1 (1.4e-07)
	 #2 (2.4544e-16, 1.2569e-01): lin 1 (1.1e-08)
-------------------------------------------------------------------------------------------------------------
 T = 17.341, DT = 1, NI = 2, LI = 2, RES = 3.0e-16 (4.8e-02), CFL=4118.266 (ELAPSED 00:01:32 )
-------------------------------------------------------------------------------------------------------------
	 #1 (3.7620e-17, 4.7603e-02): lin 1 (1.3e-07)
-------------------------------------------------------------------------------------------------------------
 T = 18.341, DT = 1, NI = 1, LI = 1, RES = 2.5e-16 (7.9e-02), CFL=4118.266 (ELAPSED 00:01:33 )
-------------------------------------------------------------------------------------------------------------
	 #1 (3.7620e-17, 7.8756e-02): lin 1 (1.3e-07)
-------------------------------------------------------------------------------------------------------------
 T = 19.341, DT = 1, NI = 1, LI = 1, RES = 2.4e-16 (7.6e-02), CFL=4118.266 (ELAPSED 00:01:34 )
-------------------------------------------------------------------------------------------------------------
	 #1 (2.4791e-17, 5.0332e-02): lin 1 (9.5e-08)
-------------------------------------------------------------------------------------------------------------
 T = 20, DT = 0.659, NI = 1, LI = 1, RES = 1.6e-16 (4.2e-02), CFL=2713.937 (ELAPSED 00:01:35 )
-------------------------------------------------------------------------------------------------------------

---OBL Statistics---
Number of operators: 18
Number of points: unbounded (adaptive grid)
Number of interpolations: 979200000 
Number of points generated: 123
Total elapsed 95.404510 sec
	jacobian assembly 9.360571 sec
		interpolation 2.191065 sec
			property 0 interpolation 0.000000 sec
			reservoir 0 interpolation 2.205425 sec
				body generation 0.044951 sec
					cache lookup 0.505126 sec
					hypercube generation 0.000074 sec
					point generation 0.044825 sec
			well controls interpolation 0.013054 sec
				body generation 0.010940 sec
					cache lookup 0.001272 sec
					hypercube generation 0.000029 sec
					point generation 0.010891 sec
			well initialization 0.000892 sec
				body generation 0.000874 sec
					point generation 0.000854 sec
			well interpolation 0.039726 sec
				body generation 0.038239 sec
					cache lookup 0.000852 sec
					hypercube generation 0.000105 sec
					point generation 0.038078 sec
	linear solver setup 54.961370 sec
		CPR AMG setup 49.974874 sec
		CPR BILU0 setup 2.397478 sec
		CPR IJ refresh 0.659769 sec
		CPR pressure system 1.661708 sec
	linear solver solve 29.721979 sec
		CPR AMG 18.505866 sec
		CPR BILU0 4.655025 sec
	newton update 0.000000 sec
		composition correction 0.000020 sec
